[2026/1/31 下午10:45:56] 股票監控程式啟動
[2026/1/31 下午10:45:56] 新增 2337 到監控清單
[2026/1/31 下午10:45:56] 初始化監控清單: 2337
[2026/1/31 下午10:45:56] 取得 1 檔股票資料
[2026/1/31 下午10:45:56] 排程已設定: 每天 9:00 發送通知
[2026/1/31 下午10:46:46] 測試抓取股價...
[2026/1/31 下午10:46:46] 測試完成
[2026/1/31 下午10:47:16] 測試抓取股價...
[2026/1/31 下午10:47:17] 測試完成
[2026/1/31 下午10:48:10] 測試抓取股價...
[2026/1/31 下午10:48:10] 測試完成
[2026/1/31 下午10:53:58] 測試抓取股價...
[2026/1/31 下午10:53:58] 測試完成
[2026/1/31 下午10:54:27] 測試抓取股價...
[2026/1/31 下午10:54:27] 測試完成
[2026/1/31 下午10:54:48] 測試抓取股價...
[2026/1/31 下午10:54:48] 測試完成
[2026/1/31 下午11:05:00] 測試抓取股價...
[2026/1/31 下午11:05:00] 測試完成
[2026/1/31 下午11:05:17] 測試抓取股價...
[2026/1/31 下午11:05:17] 測試完成
[2026/1/31 下午11:05:35] 測試抓取股價...
[2026/1/31 下午11:05:35] 測試完成
[2026/1/31 下午11:06:19] 測試抓取股價...
[2026/1/31 下午11:06:19] 測試完成
[2026/1/31 下午11:07:09] 測試抓取股價...
[2026/1/31 下午11:07:09] 測試完成
[2026/1/31 下午11:45:27] 測試抓取股價...
[2026/1/31 下午11:45:27] HTTP 伺服器啟動: port 3001
[2026/1/31 下午11:45:27] 測試完成
